// Jest Snapshot v1, https://goo.gl/fbAQLP

exports[`Index should render the heading 1`] = `
<a
  class="usa-button usa-button--outline"
  href="/upload"
>
  Upload documents
</a>
`;
