// Vitest Snapshot v1, https://vitest.dev/guide/snapshot.html

exports[`Layout should render placeholder header text 1`] = `
<h1>
  child
</h1>
`;
